../Core/Src/UartRingbuffer_multi.c:40:6:Ringbuf_init	8	static
../Core/Src/UartRingbuffer_multi.c:56:6:store_char	24	static
../Core/Src/UartRingbuffer_multi.c:71:5:Look_for	32	static
../Core/Src/UartRingbuffer_multi.c:99:6:Uart_flush	16	static
../Core/Src/UartRingbuffer_multi.c:112:5:Uart_peek	16	static
../Core/Src/UartRingbuffer_multi.c:141:5:Uart_read	24	static
../Core/Src/UartRingbuffer_multi.c:176:6:Uart_write	24	static
../Core/Src/UartRingbuffer_multi.c:210:5:IsDataAvailable	16	static
../Core/Src/UartRingbuffer_multi.c:219:5:Get_after	32	static
../Core/Src/UartRingbuffer_multi.c:231:6:Uart_sendstring	16	static
../Core/Src/UartRingbuffer_multi.c:236:6:Uart_printbase	80	static
../Core/Src/UartRingbuffer_multi.c:257:5:Copy_upto	40	static
../Core/Src/UartRingbuffer_multi.c:292:5:Wait_for	24	static
../Core/Src/UartRingbuffer_multi.c:321:6:Uart_isr	32	static
